[20:22:54] [ServerMain/INFO]: [bootstrap] Running Java 21 (OpenJDK 64-Bit Server VM 21.0.10+7-LTS; Eclipse Adoptium Temurin-21.0.10+7) on Linux 6.17.0-1010-azure (amd64)
[20:22:54] [ServerMain/INFO]: [bootstrap] Loading Paper 1.21.11-127-main@bd74bf6 (2026-03-10T02:55:23Z) for Minecraft 1.21.11
[20:22:55] [ServerMain/INFO]: [PluginInitializerManager] Initializing plugins...
[20:22:55] [ServerMain/INFO]: [PluginInitializerManager] Initialized 2 plugins
[20:22:55] [ServerMain/INFO]: [PluginInitializerManager] Bukkit plugins (2):
 - connect (0.7.2), playit-gg (0.2.0)
[20:23:01] [ServerMain/INFO]: Environment: Environment[sessionHost=https://sessionserver.mojang.com, servicesHost=https://api.minecraftservices.com, profilesHost=https://api.mojang.com, name=PROD]
[20:23:03] [ServerMain/INFO]: Loaded 1470 recipes
[20:23:03] [ServerMain/INFO]: Loaded 1584 advancements
[20:23:03] [ServerMain/INFO]: [ca.spottedleaf.dataconverter.minecraft.datatypes.MCTypeRegistry] Initialising converters for DataConverter...
[20:23:03] [ServerMain/INFO]: [ca.spottedleaf.dataconverter.minecraft.datatypes.MCTypeRegistry] Finished initialising converters for DataConverter in 415.9ms
[20:23:04] [Server thread/INFO]: Starting minecraft server version 1.21.11
[20:23:04] [Server thread/INFO]: Loading properties
[20:23:04] [Server thread/INFO]: This server is running Paper version 1.21.11-127-main@bd74bf6 (2026-03-10T02:55:23Z) (Implementing API version 1.21.11-R0.1-SNAPSHOT)
[20:23:04] [Server thread/INFO]: [spark] This server bundles the spark profiler. For more information please visit https://docs.papermc.io/paper/profiling
[20:23:04] [Server thread/INFO]: Using 4 threads for Netty based IO
[20:23:04] [Server thread/INFO]: Server Ping Player Sample Count: 12
[20:23:05] [Server thread/INFO]: [MoonriseCommon] Paper is using 1 worker threads, 1 I/O threads
[20:23:05] [Server thread/INFO]: Default game type: SURVIVAL
[20:23:05] [Server thread/INFO]: Generating keypair
[20:23:05] [Server thread/INFO]: Starting Minecraft server on *:25565
[20:23:05] [Server thread/INFO]: Paper: Using libdeflate (Linux x86_64) compression from Velocity.
[20:23:05] [Server thread/INFO]: Paper: Using OpenSSL 3.x.x (Linux x86_64) cipher from Velocity.
[20:23:05] [Server thread/INFO]: [playit-gg] Loading server plugin playit-gg v0.2.0
[20:23:05] [Server thread/INFO]: [connect] Loading server plugin connect v0.7.2
[20:23:07] [Server thread/WARN]: [connect] en_ is not a supported language.
[20:23:07] [Server thread/INFO]: [connect] Took 1,412ms to boot Connect
[20:23:07] [Server thread/INFO]: Server permissions file permissions.yml is empty, ignoring it
[20:23:07] [Server thread/WARN]: **** SERVER IS RUNNING IN OFFLINE/INSECURE MODE!
[20:23:07] [Server thread/WARN]: The server will make no attempt to authenticate usernames. Beware.
[20:23:07] [Server thread/WARN]: While this makes the game possible to play without internet access, it also opens up the ability for hackers to connect with any username they choose.
[20:23:07] [Server thread/WARN]: To change this, set "online-mode" to "true" in the server.properties file.
[20:23:07] [Server thread/INFO]: Preparing level "world"
[20:23:07] [Server thread/INFO]: [ca.spottedleaf.moonrise.common.util.MoonriseConstants] NUMA enable flag is not set; however there is NUMA interaction support for this OS.
[20:23:07] [Server thread/INFO]: [ca.spottedleaf.moonrise.common.util.MoonriseConstants] Detected 1 NUMA nodes.
[20:23:07] [Server thread/INFO]: Loading 0 persistent chunks for world 'minecraft:overworld'...
[20:23:07] [Server thread/INFO]: Prepared spawn area in 1 ms
[20:23:07] [Server thread/INFO]: Loading 0 persistent chunks for world 'minecraft:the_nether'...
[20:23:07] [Server thread/INFO]: Prepared spawn area in 1 ms
[20:23:07] [Server thread/INFO]: Loading 0 persistent chunks for world 'minecraft:the_end'...
[20:23:07] [Server thread/INFO]: Prepared spawn area in 1 ms
[20:23:07] [Server thread/INFO]: Done preparing level "world" (0.503s)
[20:23:07] [Server thread/INFO]: [playit-gg] Enabling playit-gg v0.2.0
[20:23:08] [Thread-5/INFO]: [gg.playit.minecraft.PlayitKeysSetup] secret key found, checking
[20:23:08] [Thread-5/INFO]: [gg.playit.minecraft.PlayitKeysSetup] check secret
[20:23:08] [Server thread/INFO]: [connect] Enabling connect v0.7.2
[20:23:08] [Server thread/INFO]: [connect] Endpoint name: worstsmp
[20:23:08] [Server thread/INFO]: [connect] Your public address: worstsmp.play.minekube.net
[20:23:08] [Thread-5/ERROR]: [gg.playit.minecraft.PlayitManager] got error during setup: java.io.IOException: API error
[20:23:09] [Server thread/INFO]: [spark] Starting background profiler...
[20:23:09] [Server thread/INFO]: Running delayed init tasks
[20:23:09] [Server thread/INFO]: [gg.playit.minecraft.PlayitPipelineInjector] injected playit header decoder into server channel: [id: 0x86ff0872, L:/[0:0:0:0:0:0:0:0]:25565]
[20:23:09] [Server thread/INFO]: [gg.playit.minecraft.PlayitPipelineInjector] injected playit header decoder into server channel: [id: 0x6f421005, L:local:E:5ff49573]
[20:23:09] [Server thread/INFO]: [gg.playit.minecraft.PlayitBukkit] playit header decoder injected into server pipeline
[20:23:09] [Server thread/INFO]: Done (16.590s)! For help, type "help"
[20:23:09] [OkHttp https://watch-connect.minekube.net/.../INFO]: [connect] Started watching for new player sessions
[20:23:09] [Paper Async Task Handler Thread - 1/INFO]: *** Currently you are 3 build(s) behind ***
[20:23:09] [Paper Async Task Handler Thread - 1/INFO]: *** It is highly recommended to download the latest build from https://papermc.io/downloads/paper ***
[20:23:11] [Thread-5/INFO]: [gg.playit.minecraft.PlayitKeysSetup] check secret
[20:23:11] [Thread-5/ERROR]: [gg.playit.minecraft.PlayitManager] got error during setup: java.io.IOException: API error
[20:23:14] [Thread-5/INFO]: [gg.playit.minecraft.PlayitKeysSetup] check secret
[20:23:15] [Thread-5/ERROR]: [gg.playit.minecraft.PlayitManager] got error during setup: java.io.IOException: API error
[20:23:18] [Thread-5/INFO]: [gg.playit.minecraft.PlayitKeysSetup] check secret
[20:23:18] [Thread-5/ERROR]: [gg.playit.minecraft.PlayitManager] got error during setup: java.io.IOException: API error
[20:23:21] [Thread-5/INFO]: [gg.playit.minecraft.PlayitKeysSetup] check secret
[20:23:21] [Thread-5/ERROR]: [gg.playit.minecraft.PlayitManager] got error during setup: java.io.IOException: API error
[20:23:24] [Thread-5/INFO]: [gg.playit.minecraft.PlayitKeysSetup] check secret
[20:23:24] [Thread-5/ERROR]: [gg.playit.minecraft.PlayitManager] got error during setup: java.io.IOException: API error
[20:23:27] [Thread-5/INFO]: [gg.playit.minecraft.PlayitKeysSetup] check secret
[20:23:27] [Thread-5/ERROR]: [gg.playit.minecraft.PlayitManager] got error during setup: java.io.IOException: API error
[20:23:30] [Thread-5/INFO]: [gg.playit.minecraft.PlayitKeysSetup] check secret
[20:23:30] [Thread-5/ERROR]: [gg.playit.minecraft.PlayitManager] got error during setup: java.io.IOException: API error
[20:23:33] [Thread-5/INFO]: [gg.playit.minecraft.PlayitKeysSetup] check secret
[20:23:33] [Thread-5/ERROR]: [gg.playit.minecraft.PlayitManager] got error during setup: java.io.IOException: API error
[20:23:36] [Thread-5/INFO]: [gg.playit.minecraft.PlayitKeysSetup] check secret
[20:23:36] [Thread-5/ERROR]: [gg.playit.minecraft.PlayitManager] got error during setup: java.io.IOException: API error
[20:23:39] [Thread-5/INFO]: [gg.playit.minecraft.PlayitKeysSetup] check secret
[20:23:39] [Thread-5/ERROR]: [gg.playit.minecraft.PlayitManager] got error during setup: java.io.IOException: API error
[20:23:42] [Thread-5/INFO]: [gg.playit.minecraft.PlayitKeysSetup] check secret
[20:23:43] [Thread-5/ERROR]: [gg.playit.minecraft.PlayitManager] got error during setup: java.io.IOException: API error
[20:23:46] [Thread-5/INFO]: [gg.playit.minecraft.PlayitKeysSetup] check secret
[20:23:46] [Thread-5/ERROR]: [gg.playit.minecraft.PlayitManager] got error during setup: java.io.IOException: API error
[20:23:49] [Thread-5/INFO]: [gg.playit.minecraft.PlayitKeysSetup] check secret
[20:23:49] [Thread-5/ERROR]: [gg.playit.minecraft.PlayitManager] got error during setup: java.io.IOException: API error
[20:23:52] [Thread-5/INFO]: [gg.playit.minecraft.PlayitKeysSetup] check secret
[20:23:52] [Thread-5/ERROR]: [gg.playit.minecraft.PlayitManager] got error during setup: java.io.IOException: API error
[20:23:55] [Thread-5/INFO]: [gg.playit.minecraft.PlayitKeysSetup] check secret
[20:23:55] [Thread-5/ERROR]: [gg.playit.minecraft.PlayitManager] got error during setup: java.io.IOException: API error
[20:23:58] [Thread-5/INFO]: [gg.playit.minecraft.PlayitKeysSetup] check secret
[20:23:58] [Thread-5/ERROR]: [gg.playit.minecraft.PlayitManager] got error during setup: java.io.IOException: API error
[20:24:01] [Thread-5/INFO]: [gg.playit.minecraft.PlayitKeysSetup] check secret
[20:24:01] [Thread-5/ERROR]: [gg.playit.minecraft.PlayitManager] got error during setup: java.io.IOException: API error
[20:24:04] [Thread-5/INFO]: [gg.playit.minecraft.PlayitKeysSetup] check secret
[20:24:04] [Thread-5/ERROR]: [gg.playit.minecraft.PlayitManager] got error during setup: java.io.IOException: API error
[20:24:07] [Thread-5/INFO]: [gg.playit.minecraft.PlayitKeysSetup] check secret
[20:24:08] [Thread-5/ERROR]: [gg.playit.minecraft.PlayitManager] got error during setup: java.io.IOException: API error
[20:24:11] [Thread-5/INFO]: [gg.playit.minecraft.PlayitKeysSetup] check secret
[20:24:11] [Thread-5/ERROR]: [gg.playit.minecraft.PlayitManager] got error during setup: java.io.IOException: API error
[20:24:14] [Thread-5/INFO]: [gg.playit.minecraft.PlayitKeysSetup] check secret
[20:24:14] [Thread-5/ERROR]: [gg.playit.minecraft.PlayitManager] got error during setup: java.io.IOException: API error
[20:24:17] [Thread-5/INFO]: [gg.playit.minecraft.PlayitKeysSetup] check secret
[20:24:17] [Thread-5/ERROR]: [gg.playit.minecraft.PlayitManager] got error during setup: java.io.IOException: API error
[20:24:20] [Thread-5/INFO]: [gg.playit.minecraft.PlayitKeysSetup] check secret
[20:24:20] [Thread-5/ERROR]: [gg.playit.minecraft.PlayitManager] got error during setup: java.io.IOException: API error
[20:24:23] [Thread-5/INFO]: [gg.playit.minecraft.PlayitKeysSetup] check secret
[20:24:23] [Thread-5/ERROR]: [gg.playit.minecraft.PlayitManager] got error during setup: java.io.IOException: API error
[20:24:26] [Thread-5/INFO]: [gg.playit.minecraft.PlayitKeysSetup] check secret
[20:24:26] [Thread-5/ERROR]: [gg.playit.minecraft.PlayitManager] got error during setup: java.io.IOException: API error
[20:24:29] [Thread-5/INFO]: [gg.playit.minecraft.PlayitKeysSetup] check secret
[20:24:29] [Thread-5/ERROR]: [gg.playit.minecraft.PlayitManager] got error during setup: java.io.IOException: API error
[20:24:32] [Thread-5/INFO]: [gg.playit.minecraft.PlayitKeysSetup] check secret
[20:24:32] [Thread-5/ERROR]: [gg.playit.minecraft.PlayitManager] got error during setup: java.io.IOException: API error
[20:24:35] [Thread-5/INFO]: [gg.playit.minecraft.PlayitKeysSetup] check secret
[20:24:35] [Thread-5/ERROR]: [gg.playit.minecraft.PlayitManager] got error during setup: java.io.IOException: API error
[20:24:38] [Thread-5/INFO]: [gg.playit.minecraft.PlayitKeysSetup] check secret
[20:24:39] [Thread-5/ERROR]: [gg.playit.minecraft.PlayitManager] got error during setup: java.io.IOException: API error
[20:24:42] [Thread-5/INFO]: [gg.playit.minecraft.PlayitKeysSetup] check secret
[20:24:42] [Thread-5/ERROR]: [gg.playit.minecraft.PlayitManager] got error during setup: java.io.IOException: API error
[20:24:45] [Thread-5/INFO]: [gg.playit.minecraft.PlayitKeysSetup] check secret
[20:24:45] [Thread-5/ERROR]: [gg.playit.minecraft.PlayitManager] got error during setup: java.io.IOException: API error
[20:24:48] [Thread-5/INFO]: [gg.playit.minecraft.PlayitKeysSetup] check secret
[20:24:48] [Thread-5/ERROR]: [gg.playit.minecraft.PlayitManager] got error during setup: java.io.IOException: API error
[20:24:51] [Thread-5/INFO]: [gg.playit.minecraft.PlayitKeysSetup] check secret
[20:24:51] [Thread-5/ERROR]: [gg.playit.minecraft.PlayitManager] got error during setup: java.io.IOException: API error
[20:24:54] [Thread-5/INFO]: [gg.playit.minecraft.PlayitKeysSetup] check secret
[20:24:54] [Thread-5/ERROR]: [gg.playit.minecraft.PlayitManager] got error during setup: java.io.IOException: API error
[20:24:57] [Thread-5/INFO]: [gg.playit.minecraft.PlayitKeysSetup] check secret
[20:24:57] [Thread-5/ERROR]: [gg.playit.minecraft.PlayitManager] got error during setup: java.io.IOException: API error
[20:25:00] [Thread-5/INFO]: [gg.playit.minecraft.PlayitKeysSetup] check secret
[20:25:00] [Thread-5/ERROR]: [gg.playit.minecraft.PlayitManager] got error during setup: java.io.IOException: API error
[20:25:03] [Thread-5/INFO]: [gg.playit.minecraft.PlayitKeysSetup] check secret
[20:25:03] [Thread-5/ERROR]: [gg.playit.minecraft.PlayitManager] got error during setup: java.io.IOException: API error
[20:25:06] [Thread-5/INFO]: [gg.playit.minecraft.PlayitKeysSetup] check secret
[20:25:07] [Thread-5/ERROR]: [gg.playit.minecraft.PlayitManager] got error during setup: java.io.IOException: API error
[20:25:10] [Thread-5/INFO]: [gg.playit.minecraft.PlayitKeysSetup] check secret
[20:25:10] [Thread-5/ERROR]: [gg.playit.minecraft.PlayitManager] got error during setup: java.io.IOException: API error
[20:25:13] [Thread-5/INFO]: [gg.playit.minecraft.PlayitKeysSetup] check secret
[20:25:13] [Thread-5/ERROR]: [gg.playit.minecraft.PlayitManager] got error during setup: java.io.IOException: API error
[20:25:16] [Thread-5/INFO]: [gg.playit.minecraft.PlayitKeysSetup] check secret
[20:25:16] [Thread-5/ERROR]: [gg.playit.minecraft.PlayitManager] got error during setup: java.io.IOException: API error
[20:25:19] [Thread-5/INFO]: [gg.playit.minecraft.PlayitKeysSetup] check secret
[20:25:19] [Thread-5/ERROR]: [gg.playit.minecraft.PlayitManager] got error during setup: java.io.IOException: API error
[20:25:22] [Thread-5/INFO]: [gg.playit.minecraft.PlayitKeysSetup] check secret
[20:25:22] [Thread-5/ERROR]: [gg.playit.minecraft.PlayitManager] got error during setup: java.io.IOException: API error
[20:25:25] [Thread-5/INFO]: [gg.playit.minecraft.PlayitKeysSetup] check secret
[20:25:25] [Thread-5/ERROR]: [gg.playit.minecraft.PlayitManager] got error during setup: java.io.IOException: API error
[20:25:28] [Thread-5/INFO]: [gg.playit.minecraft.PlayitKeysSetup] check secret
[20:25:28] [Thread-5/ERROR]: [gg.playit.minecraft.PlayitManager] got error during setup: java.io.IOException: API error
[20:25:31] [Thread-5/INFO]: [gg.playit.minecraft.PlayitKeysSetup] check secret
[20:25:31] [Thread-5/ERROR]: [gg.playit.minecraft.PlayitManager] got error during setup: java.io.IOException: API error
[20:25:34] [Thread-5/INFO]: [gg.playit.minecraft.PlayitKeysSetup] check secret
[20:25:34] [Thread-5/ERROR]: [gg.playit.minecraft.PlayitManager] got error during setup: java.io.IOException: API error
[20:25:37] [Thread-5/INFO]: [gg.playit.minecraft.PlayitKeysSetup] check secret
[20:25:38] [Thread-5/ERROR]: [gg.playit.minecraft.PlayitManager] got error during setup: java.io.IOException: API error
[20:25:41] [Thread-5/INFO]: [gg.playit.minecraft.PlayitKeysSetup] check secret
[20:25:41] [Thread-5/ERROR]: [gg.playit.minecraft.PlayitManager] got error during setup: java.io.IOException: API error
[20:25:44] [Thread-5/INFO]: [gg.playit.minecraft.PlayitKeysSetup] check secret
[20:25:44] [Thread-5/ERROR]: [gg.playit.minecraft.PlayitManager] got error during setup: java.io.IOException: API error
[20:25:47] [Thread-5/INFO]: [gg.playit.minecraft.PlayitKeysSetup] check secret
[20:25:47] [Thread-5/ERROR]: [gg.playit.minecraft.PlayitManager] got error during setup: java.io.IOException: API error
[20:25:50] [Thread-5/INFO]: [gg.playit.minecraft.PlayitKeysSetup] check secret
[20:25:50] [Thread-5/ERROR]: [gg.playit.minecraft.PlayitManager] got error during setup: java.io.IOException: API error
[20:25:53] [Thread-5/INFO]: [gg.playit.minecraft.PlayitKeysSetup] check secret
[20:25:53] [Thread-5/ERROR]: [gg.playit.minecraft.PlayitManager] got error during setup: java.io.IOException: API error
[20:25:56] [Thread-5/INFO]: [gg.playit.minecraft.PlayitKeysSetup] check secret
[20:25:56] [Thread-5/ERROR]: [gg.playit.minecraft.PlayitManager] got error during setup: java.io.IOException: API error
[20:25:59] [Thread-5/INFO]: [gg.playit.minecraft.PlayitKeysSetup] check secret
[20:25:59] [Thread-5/ERROR]: [gg.playit.minecraft.PlayitManager] got error during setup: java.io.IOException: API error
[20:26:02] [Thread-5/INFO]: [gg.playit.minecraft.PlayitKeysSetup] check secret
[20:26:02] [Thread-5/ERROR]: [gg.playit.minecraft.PlayitManager] got error during setup: java.io.IOException: API error
[20:26:05] [Thread-5/INFO]: [gg.playit.minecraft.PlayitKeysSetup] check secret
[20:26:05] [Thread-5/ERROR]: [gg.playit.minecraft.PlayitManager] got error during setup: java.io.IOException: API error
[20:26:08] [Thread-5/INFO]: [gg.playit.minecraft.PlayitKeysSetup] check secret
[20:26:09] [Thread-5/ERROR]: [gg.playit.minecraft.PlayitManager] got error during setup: java.io.IOException: API error
[20:26:12] [Thread-5/INFO]: [gg.playit.minecraft.PlayitKeysSetup] check secret
[20:26:12] [Thread-5/ERROR]: [gg.playit.minecraft.PlayitManager] got error during setup: java.io.IOException: API error
[20:26:15] [Thread-5/INFO]: [gg.playit.minecraft.PlayitKeysSetup] check secret
[20:26:15] [Thread-5/ERROR]: [gg.playit.minecraft.PlayitManager] got error during setup: java.io.IOException: API error
[20:26:18] [Thread-5/INFO]: [gg.playit.minecraft.PlayitKeysSetup] check secret
[20:26:18] [Thread-5/ERROR]: [gg.playit.minecraft.PlayitManager] got error during setup: java.io.IOException: API error
[20:26:21] [Thread-5/INFO]: [gg.playit.minecraft.PlayitKeysSetup] check secret
[20:26:21] [Thread-5/ERROR]: [gg.playit.minecraft.PlayitManager] got error during setup: java.io.IOException: API error
[20:26:24] [Thread-5/INFO]: [gg.playit.minecraft.PlayitKeysSetup] check secret
[20:26:24] [Thread-5/ERROR]: [gg.playit.minecraft.PlayitManager] got error during setup: java.io.IOException: API error
[20:26:27] [Thread-5/INFO]: [gg.playit.minecraft.PlayitKeysSetup] check secret
[20:26:27] [Thread-5/ERROR]: [gg.playit.minecraft.PlayitManager] got error during setup: java.io.IOException: API error
[20:26:30] [Thread-5/INFO]: [gg.playit.minecraft.PlayitKeysSetup] check secret
[20:26:30] [Thread-5/ERROR]: [gg.playit.minecraft.PlayitManager] got error during setup: java.io.IOException: API error
[20:26:33] [Thread-5/INFO]: [gg.playit.minecraft.PlayitKeysSetup] check secret
[20:26:33] [Thread-5/ERROR]: [gg.playit.minecraft.PlayitManager] got error during setup: java.io.IOException: API error
[20:26:36] [Thread-5/INFO]: [gg.playit.minecraft.PlayitKeysSetup] check secret
[20:26:36] [Thread-5/ERROR]: [gg.playit.minecraft.PlayitManager] got error during setup: java.io.IOException: API error
[20:26:39] [Thread-5/INFO]: [gg.playit.minecraft.PlayitKeysSetup] check secret
[20:26:40] [Thread-5/ERROR]: [gg.playit.minecraft.PlayitManager] got error during setup: java.io.IOException: API error
[20:26:43] [Thread-5/INFO]: [gg.playit.minecraft.PlayitKeysSetup] check secret
[20:26:43] [Thread-5/ERROR]: [gg.playit.minecraft.PlayitManager] got error during setup: java.io.IOException: API error
[20:26:46] [Thread-5/INFO]: [gg.playit.minecraft.PlayitKeysSetup] check secret
[20:26:46] [Thread-5/ERROR]: [gg.playit.minecraft.PlayitManager] got error during setup: java.io.IOException: API error
[20:26:49] [Thread-5/INFO]: [gg.playit.minecraft.PlayitKeysSetup] check secret
[20:26:49] [Thread-5/ERROR]: [gg.playit.minecraft.PlayitManager] got error during setup: java.io.IOException: API error
[20:26:52] [Thread-5/INFO]: [gg.playit.minecraft.PlayitKeysSetup] check secret
[20:26:52] [Thread-5/ERROR]: [gg.playit.minecraft.PlayitManager] got error during setup: java.io.IOException: API error
[20:26:55] [Thread-5/INFO]: [gg.playit.minecraft.PlayitKeysSetup] check secret
[20:26:55] [Thread-5/ERROR]: [gg.playit.minecraft.PlayitManager] got error during setup: java.io.IOException: API error
[20:26:58] [Thread-5/INFO]: [gg.playit.minecraft.PlayitKeysSetup] check secret
[20:26:58] [Thread-5/ERROR]: [gg.playit.minecraft.PlayitManager] got error during setup: java.io.IOException: API error
[20:27:01] [Thread-5/INFO]: [gg.playit.minecraft.PlayitKeysSetup] check secret
[20:27:01] [Thread-5/ERROR]: [gg.playit.minecraft.PlayitManager] got error during setup: java.io.IOException: API error
[20:27:04] [Thread-5/INFO]: [gg.playit.minecraft.PlayitKeysSetup] check secret
[20:27:04] [Thread-5/ERROR]: [gg.playit.minecraft.PlayitManager] got error during setup: java.io.IOException: API error
[20:27:07] [Thread-5/INFO]: [gg.playit.minecraft.PlayitKeysSetup] check secret
[20:27:07] [Thread-5/ERROR]: [gg.playit.minecraft.PlayitManager] got error during setup: java.io.IOException: API error
[20:27:10] [Thread-5/INFO]: [gg.playit.minecraft.PlayitKeysSetup] check secret
[20:27:11] [Thread-5/ERROR]: [gg.playit.minecraft.PlayitManager] got error during setup: java.io.IOException: API error
[20:27:14] [Thread-5/INFO]: [gg.playit.minecraft.PlayitKeysSetup] check secret
[20:27:14] [Thread-5/ERROR]: [gg.playit.minecraft.PlayitManager] got error during setup: java.io.IOException: API error
[20:27:17] [Thread-5/INFO]: [gg.playit.minecraft.PlayitKeysSetup] check secret
[20:27:17] [Thread-5/ERROR]: [gg.playit.minecraft.PlayitManager] got error during setup: java.io.IOException: API error
[20:27:20] [Thread-5/INFO]: [gg.playit.minecraft.PlayitKeysSetup] check secret
[20:27:20] [Thread-5/ERROR]: [gg.playit.minecraft.PlayitManager] got error during setup: java.io.IOException: API error
[20:27:23] [Thread-5/INFO]: [gg.playit.minecraft.PlayitKeysSetup] check secret
[20:27:23] [Thread-5/ERROR]: [gg.playit.minecraft.PlayitManager] got error during setup: java.io.IOException: API error
[20:27:26] [Thread-5/INFO]: [gg.playit.minecraft.PlayitKeysSetup] check secret
[20:27:26] [Thread-5/ERROR]: [gg.playit.minecraft.PlayitManager] got error during setup: java.io.IOException: API error
[20:27:29] [Thread-5/INFO]: [gg.playit.minecraft.PlayitKeysSetup] check secret
[20:27:29] [Thread-5/ERROR]: [gg.playit.minecraft.PlayitManager] got error during setup: java.io.IOException: API error
[20:27:32] [Thread-5/INFO]: [gg.playit.minecraft.PlayitKeysSetup] check secret
[20:27:32] [Thread-5/ERROR]: [gg.playit.minecraft.PlayitManager] got error during setup: java.io.IOException: API error
[20:27:35] [Thread-5/INFO]: [gg.playit.minecraft.PlayitKeysSetup] check secret
[20:27:35] [Thread-5/ERROR]: [gg.playit.minecraft.PlayitManager] got error during setup: java.io.IOException: API error
[20:27:38] [Thread-5/INFO]: [gg.playit.minecraft.PlayitKeysSetup] check secret
[20:27:38] [Thread-5/ERROR]: [gg.playit.minecraft.PlayitManager] got error during setup: java.io.IOException: API error
[20:27:41] [Thread-5/INFO]: [gg.playit.minecraft.PlayitKeysSetup] check secret
[20:27:42] [Thread-5/ERROR]: [gg.playit.minecraft.PlayitManager] got error during setup: java.io.IOException: API error
[20:27:45] [Thread-5/INFO]: [gg.playit.minecraft.PlayitKeysSetup] check secret
[20:27:45] [Thread-5/ERROR]: [gg.playit.minecraft.PlayitManager] got error during setup: java.io.IOException: API error
